V3 3
FL C:/Users/082190011/Desktop/SomadorSubtrator4Bits/Reg8bitsProj/reg8bits.vhd 2023/03/22.22:35:23 P.20131013
EN work/reg8bits 1679535326 \
      FL C:/Users/082190011/Desktop/SomadorSubtrator4Bits/Reg8bitsProj/reg8bits.vhd \
      PB ieee/std_logic_1164 1381692176
AR work/reg8bits/Behavioral 1679535327 \
      FL C:/Users/082190011/Desktop/SomadorSubtrator4Bits/Reg8bitsProj/reg8bits.vhd \
      EN work/reg8bits 1679535326
