EN reg4bits NULL /home/ise/Documents/SomadorSubtrator4Bits/SomadorSubtrator4BitsProj/reg4bits.vhd sub00/vhpl02 1679761867
AR decoder7seg behavioral /home/ise/Documents/SomadorSubtrator4Bits/SomadorSubtrator4BitsProj/decoder7seg.vhd sub00/vhpl13 1679761878
EN subtrator4bits NULL /home/ise/Documents/SomadorSubtrator4Bits/SubtratorProj/subtrator4bits.vhd sub00/vhpl06 1679761871
AR somadorsubtrator4bits behavioral /home/ise/Documents/SomadorSubtrator4Bits/SomadorSubtrator4BitsProj/somadorSubtrator4bits.vhd sub00/vhpl01 1679761882
EN somadorsubtrator4bits NULL /home/ise/Documents/SomadorSubtrator4Bits/SomadorSubtrator4BitsProj/somadorSubtrator4bits.vhd sub00/vhpl00 1679761881
EN somador4bits NULL /home/ise/Documents/SomadorSubtrator4Bits/SomadorSubtrator4BitsProj/somador4bits.vhd sub00/vhpl04 1679761869
EN mux2x8 NULL /home/ise/Documents/SomadorSubtrator4Bits/SomadorSubtrator4BitsProj/mux2x8.vhd sub00/vhpl08 1679761873
AR reg8bits behavioral /home/ise/Documents/SomadorSubtrator4Bits/SomadorSubtrator4BitsProj/reg8bits.vhd sub00/vhpl11 1679761876
EN decoder7seg NULL /home/ise/Documents/SomadorSubtrator4Bits/SomadorSubtrator4BitsProj/decoder7seg.vhd sub00/vhpl12 1679761877
EN ledinterface NULL /home/ise/Documents/SomadorSubtrator4Bits/SomadorSubtrator4BitsProj/LedInterface.vhd sub00/vhpl14 1679761879
AR subtrator4bits behavioral /home/ise/Documents/SomadorSubtrator4Bits/SubtratorProj/subtrator4bits.vhd sub00/vhpl07 1679761872
AR reg4bits behavioral /home/ise/Documents/SomadorSubtrator4Bits/SomadorSubtrator4BitsProj/reg4bits.vhd sub00/vhpl03 1679761868
AR mux2x8 behavioral /home/ise/Documents/SomadorSubtrator4Bits/SomadorSubtrator4BitsProj/mux2x8.vhd sub00/vhpl09 1679761874
AR somador4bits behavioral /home/ise/Documents/SomadorSubtrator4Bits/SomadorSubtrator4BitsProj/somador4bits.vhd sub00/vhpl05 1679761870
AR ledinterface behavioral /home/ise/Documents/SomadorSubtrator4Bits/SomadorSubtrator4BitsProj/LedInterface.vhd sub00/vhpl15 1679761880
EN reg8bits NULL /home/ise/Documents/SomadorSubtrator4Bits/SomadorSubtrator4BitsProj/reg8bits.vhd sub00/vhpl10 1679761875
