EN reg4bits NULL C:/Users/082190011/Documents/GitHub/SomadorSubtrator4Bits/SomadorSubtrator4BitsProj/reg4bits.vhd sub00/vhpl02 1680045081
AR ledinterface behavioral C:/Users/082190011/Documents/GitHub/SomadorSubtrator4Bits/SomadorSubtrator4BitsProj/LedInterface.vhd sub00/vhpl15 1680045094
AR decoder7seg behavioral C:/Users/082190011/Documents/GitHub/SomadorSubtrator4Bits/SomadorSubtrator4BitsProj/decoder7seg.vhd sub00/vhpl13 1680045092
AR somadorsubtrator4bits behavioral C:/Users/082190011/Documents/GitHub/SomadorSubtrator4Bits/SomadorSubtrator4BitsProj/somadorSubtrator4bits.vhd sub00/vhpl01 1680045096
AR subtrator4bits behavioral C:/Users/082190011/Documents/GitHub/SomadorSubtrator4Bits/SubtratorProj/subtrator4bits.vhd sub00/vhpl07 1680045086
AR reg4bits behavioral C:/Users/082190011/Documents/GitHub/SomadorSubtrator4Bits/SomadorSubtrator4BitsProj/reg4bits.vhd sub00/vhpl03 1680045082
EN mux2x8 NULL C:/Users/082190011/Documents/GitHub/SomadorSubtrator4Bits/SomadorSubtrator4BitsProj/mux2x8.vhd sub00/vhpl08 1680045087
EN decoder7seg NULL C:/Users/082190011/Documents/GitHub/SomadorSubtrator4Bits/SomadorSubtrator4BitsProj/decoder7seg.vhd sub00/vhpl12 1680045091
EN subtrator4bits NULL C:/Users/082190011/Documents/GitHub/SomadorSubtrator4Bits/SubtratorProj/subtrator4bits.vhd sub00/vhpl06 1680045085
EN somador4bits NULL C:/Users/082190011/Documents/GitHub/SomadorSubtrator4Bits/SomadorSubtrator4BitsProj/somador4bits.vhd sub00/vhpl04 1680045083
AR somador4bits behavioral C:/Users/082190011/Documents/GitHub/SomadorSubtrator4Bits/SomadorSubtrator4BitsProj/somador4bits.vhd sub00/vhpl05 1680045084
AR reg8bits behavioral C:/Users/082190011/Documents/GitHub/SomadorSubtrator4Bits/SomadorSubtrator4BitsProj/reg8bits.vhd sub00/vhpl11 1680045090
AR mux2x8 behavioral C:/Users/082190011/Documents/GitHub/SomadorSubtrator4Bits/SomadorSubtrator4BitsProj/mux2x8.vhd sub00/vhpl09 1680045088
EN ledinterface NULL C:/Users/082190011/Documents/GitHub/SomadorSubtrator4Bits/SomadorSubtrator4BitsProj/LedInterface.vhd sub00/vhpl14 1680045093
EN somadorsubtrator4bits NULL C:/Users/082190011/Documents/GitHub/SomadorSubtrator4Bits/SomadorSubtrator4BitsProj/somadorSubtrator4bits.vhd sub00/vhpl00 1680045095
EN reg8bits NULL C:/Users/082190011/Documents/GitHub/SomadorSubtrator4Bits/SomadorSubtrator4BitsProj/reg8bits.vhd sub00/vhpl10 1680045089
