EN reg4bits NULL C:/Users/082190011/Documents/GitHub/SomadorSubtrator4Bits/SomadorSubtrator4BitsProj/reg4bits.vhd sub00/vhpl02 1679704991
AR ledinterface behavioral C:/Users/082190011/Documents/GitHub/SomadorSubtrator4Bits/SomadorSubtrator4BitsProj/LedInterface.vhd sub00/vhpl15 1679705004
AR decoder7seg behavioral C:/Users/082190011/Documents/GitHub/SomadorSubtrator4Bits/SomadorSubtrator4BitsProj/decoder7seg.vhd sub00/vhpl13 1679705002
AR somadorsubtrator4bits behavioral C:/Users/082190011/Documents/GitHub/SomadorSubtrator4Bits/SomadorSubtrator4BitsProj/somadorSubtrator4bits.vhd sub00/vhpl01 1679705006
AR reg4bits behavioral C:/Users/082190011/Documents/GitHub/SomadorSubtrator4Bits/SomadorSubtrator4BitsProj/reg4bits.vhd sub00/vhpl03 1679704992
AR subtrator4bits behavioral C:/Users/082190011/Documents/GitHub/SomadorSubtrator4Bits/SomadorSubtrator4BitsProj/subtrator4bits.vhd sub00/vhpl07 1679704996
EN mux2x8 NULL C:/Users/082190011/Documents/GitHub/SomadorSubtrator4Bits/SomadorSubtrator4BitsProj/mux2x8.vhd sub00/vhpl08 1679704997
EN decoder7seg NULL C:/Users/082190011/Documents/GitHub/SomadorSubtrator4Bits/SomadorSubtrator4BitsProj/decoder7seg.vhd sub00/vhpl12 1679705001
EN subtrator4bits NULL C:/Users/082190011/Documents/GitHub/SomadorSubtrator4Bits/SomadorSubtrator4BitsProj/subtrator4bits.vhd sub00/vhpl06 1679704995
EN somador4bits NULL C:/Users/082190011/Documents/GitHub/SomadorSubtrator4Bits/SomadorSubtrator4BitsProj/somador4bits.vhd sub00/vhpl04 1679704993
AR somador4bits behavioral C:/Users/082190011/Documents/GitHub/SomadorSubtrator4Bits/SomadorSubtrator4BitsProj/somador4bits.vhd sub00/vhpl05 1679704994
AR reg8bits behavioral C:/Users/082190011/Documents/GitHub/SomadorSubtrator4Bits/SomadorSubtrator4BitsProj/reg8bits.vhd sub00/vhpl11 1679705000
AR mux2x8 behavioral C:/Users/082190011/Documents/GitHub/SomadorSubtrator4Bits/SomadorSubtrator4BitsProj/mux2x8.vhd sub00/vhpl09 1679704998
EN ledinterface NULL C:/Users/082190011/Documents/GitHub/SomadorSubtrator4Bits/SomadorSubtrator4BitsProj/LedInterface.vhd sub00/vhpl14 1679705003
EN somadorsubtrator4bits NULL C:/Users/082190011/Documents/GitHub/SomadorSubtrator4Bits/SomadorSubtrator4BitsProj/somadorSubtrator4bits.vhd sub00/vhpl00 1679705005
EN reg8bits NULL C:/Users/082190011/Documents/GitHub/SomadorSubtrator4Bits/SomadorSubtrator4BitsProj/reg8bits.vhd sub00/vhpl10 1679704999
