V3 40
FL /home/ise/Documents/SomadorSubtrator4Bits/SomadorSubtrator4BitsProj/decoder7seg.vhd 2023/03/11.14:07:42 P.20131013
FL /home/ise/Documents/SomadorSubtrator4Bits/SomadorSubtrator4BitsProj/LedInterface.vhd 2023/03/24.19:10:40 P.20131013
FL /home/ise/Documents/SomadorSubtrator4Bits/SomadorSubtrator4BitsProj/mux2x8.vhd 2023/03/24.19:10:40 P.20131013
FL /home/ise/Documents/SomadorSubtrator4Bits/SomadorSubtrator4BitsProj/reg4bits.vhd 2023/03/24.20:27:28 P.20131013
FL /home/ise/Documents/SomadorSubtrator4Bits/SomadorSubtrator4BitsProj/reg8bits.vhd 2023/03/24.19:10:40 P.20131013
FL /home/ise/Documents/SomadorSubtrator4Bits/SomadorSubtrator4BitsProj/somador4bits.vhd 2023/03/25.13:20:23 P.20131013
FL /home/ise/Documents/SomadorSubtrator4Bits/SomadorSubtrator4BitsProj/somadorSubtrator4bits.vhd 2023/03/24.21:38:46 P.20131013
FL /home/ise/Documents/SomadorSubtrator4Bits/SubtratorProj/subtrator4bits.vhd 2023/03/25.13:57:13 P.20131013
FL C:/Users/082190011/Documents/GitHub/SomadorSubtrator4Bits/SomadorSubtrator4BitsProj/decoder7seg.vhd 2023/03/11.14:07:42 P.20131013
EN work/decoder7seg 1680045091 \
      FL C:/Users/082190011/Documents/GitHub/SomadorSubtrator4Bits/SomadorSubtrator4BitsProj/decoder7seg.vhd \
      PB ieee/std_logic_1164 1381692176
AR work/decoder7seg/Behavioral 1680045092 \
      FL C:/Users/082190011/Documents/GitHub/SomadorSubtrator4Bits/SomadorSubtrator4BitsProj/decoder7seg.vhd \
      EN work/decoder7seg 1680045091
FL C:/Users/082190011/Documents/GitHub/SomadorSubtrator4Bits/SomadorSubtrator4BitsProj/LedInterface.vhd 2023/03/24.19:10:39 P.20131013
EN work/LedInterface 1680045093 \
      FL C:/Users/082190011/Documents/GitHub/SomadorSubtrator4Bits/SomadorSubtrator4BitsProj/LedInterface.vhd \
      PB ieee/std_logic_1164 1381692176
AR work/LedInterface/Behavioral 1680045094 \
      FL C:/Users/082190011/Documents/GitHub/SomadorSubtrator4Bits/SomadorSubtrator4BitsProj/LedInterface.vhd \
      EN work/LedInterface 1680045093
FL C:/Users/082190011/Documents/GitHub/SomadorSubtrator4Bits/SomadorSubtrator4BitsProj/mux2x8.vhd 2023/03/24.19:10:39 P.20131013
EN work/mux2x8 1680045087 \
      FL C:/Users/082190011/Documents/GitHub/SomadorSubtrator4Bits/SomadorSubtrator4BitsProj/mux2x8.vhd \
      PB ieee/std_logic_1164 1381692176
AR work/mux2x8/Behavioral 1680045088 \
      FL C:/Users/082190011/Documents/GitHub/SomadorSubtrator4Bits/SomadorSubtrator4BitsProj/mux2x8.vhd \
      EN work/mux2x8 1680045087
FL C:/Users/082190011/Documents/GitHub/SomadorSubtrator4Bits/SomadorSubtrator4BitsProj/reg4bits.vhd 2023/03/24.20:27:26 P.20131013
EN work/reg4bits 1680045081 \
      FL C:/Users/082190011/Documents/GitHub/SomadorSubtrator4Bits/SomadorSubtrator4BitsProj/reg4bits.vhd \
      PB ieee/std_logic_1164 1381692176
AR work/reg4bits/Behavioral 1680045082 \
      FL C:/Users/082190011/Documents/GitHub/SomadorSubtrator4Bits/SomadorSubtrator4BitsProj/reg4bits.vhd \
      EN work/reg4bits 1680045081
FL C:/Users/082190011/Documents/GitHub/SomadorSubtrator4Bits/SomadorSubtrator4BitsProj/reg8bits.vhd 2023/03/24.19:10:39 P.20131013
EN work/reg8bits 1680045089 \
      FL C:/Users/082190011/Documents/GitHub/SomadorSubtrator4Bits/SomadorSubtrator4BitsProj/reg8bits.vhd \
      PB ieee/std_logic_1164 1381692176
AR work/reg8bits/Behavioral 1680045090 \
      FL C:/Users/082190011/Documents/GitHub/SomadorSubtrator4Bits/SomadorSubtrator4BitsProj/reg8bits.vhd \
      EN work/reg8bits 1680045089
FL C:/Users/082190011/Documents/GitHub/SomadorSubtrator4Bits/SomadorSubtrator4BitsProj/somador4bits.vhd 2023/03/28.20:08:05 P.20131013
EN work/somador4bits 1680045083 \
      FL C:/Users/082190011/Documents/GitHub/SomadorSubtrator4Bits/SomadorSubtrator4BitsProj/somador4bits.vhd \
      PB ieee/std_logic_1164 1381692176 PB ieee/STD_LOGIC_SIGNED 1381692178 \
      PB ieee/NUMERIC_STD 1381692181
AR work/somador4bits/Behavioral 1680045084 \
      FL C:/Users/082190011/Documents/GitHub/SomadorSubtrator4Bits/SomadorSubtrator4BitsProj/somador4bits.vhd \
      EN work/somador4bits 1680045083
FL C:/Users/082190011/Documents/GitHub/SomadorSubtrator4Bits/SomadorSubtrator4BitsProj/somadorSubtrator4bits.vhd 2023/03/24.21:38:45 P.20131013
EN work/somadorSubtrator4bits 1680045095 \
      FL C:/Users/082190011/Documents/GitHub/SomadorSubtrator4Bits/SomadorSubtrator4BitsProj/somadorSubtrator4bits.vhd \
      PB ieee/std_logic_1164 1381692176
AR work/somadorSubtrator4bits/Behavioral 1680045096 \
      FL C:/Users/082190011/Documents/GitHub/SomadorSubtrator4Bits/SomadorSubtrator4BitsProj/somadorSubtrator4bits.vhd \
      EN work/somadorSubtrator4bits 1680045095 CP reg4bits CP somador4bits \
      CP subtrator4bits CP mux2x8 CP reg8bits CP decoder7seg CP LedInterface
FL C:/Users/082190011/Documents/GitHub/SomadorSubtrator4Bits/SomadorSubtrator4BitsProj/subtrator4bits.vhd 2023/03/24.20:12:02 P.20131013
FL C:/Users/082190011/Documents/GitHub/SomadorSubtrator4Bits/SubtratorProj/subtrator4bits.vhd 2023/03/28.20:08:05 P.20131013
EN work/subtrator4bits 1680045085 \
      FL C:/Users/082190011/Documents/GitHub/SomadorSubtrator4Bits/SubtratorProj/subtrator4bits.vhd \
      PB ieee/std_logic_1164 1381692176 PB ieee/STD_LOGIC_SIGNED 1381692178 \
      PB ieee/NUMERIC_STD 1381692181
AR work/subtrator4bits/Behavioral 1680045086 \
      FL C:/Users/082190011/Documents/GitHub/SomadorSubtrator4Bits/SubtratorProj/subtrator4bits.vhd \
      EN work/subtrator4bits 1680045085
